---
source: tests/integration.rs
expression: message.1.blocks
---
Some(
    [
        Header(
            SlackHeaderBlock {
                block_id: None,
                text: SlackBlockPlainTextOnly {
                    value: SlackBlockPlainText {
                        text: "Potential GitHub Policy Violation",
                        emoji: None,
                    },
                },
            },
        ),
        Section(
            SlackSectionBlock {
                block_id: None,
                text: Some(
                    MarkDown(
                        SlackBlockMarkDownText {
                            text: "<@max.ammann@zoo.dev>, please make sure no security policy has been violated. No need to comment.",
                            verbatim: None,
                        },
                    ),
                ),
                fields: None,
                accessory: None,
            },
        ),
        Section(
            SlackSectionBlock {
                block_id: None,
                text: Some(
                    MarkDown(
                        SlackBlockMarkDownText {
                            text: "*Actor*\nmaxammann",
                            verbatim: None,
                        },
                    ),
                ),
                fields: None,
                accessory: None,
            },
        ),
    ],
)
